........................................................................ [  6%]
........................................................................ [ 13%]
........................................................................ [ 19%]
........................................................................ [ 26%]
........................................................................ [ 32%]
